// 重构日志: a7cfb4e5
// 重构日志: c300d4f8
// 重构日志: b2c9e0b8
// 重构日志: 1f1e2b1f
// 同步 ID: 0678c6ff @ Thu Jul 30 08:01:17 UTC 2026
// 同步 ID: 887491d3 @ Thu Jul 30 12:51:45 UTC 2026
// 同步 ID: 776e7475 @ Thu Jul 30 15:15:24 UTC 2026
// 同步 ID: 4060efd9 @ Thu Jul 30 17:40:58 UTC 2026
// 同步 ID: a2c63b3d @ Fri Jul 31 06:13:21 UTC 2026
// 同步 ID: 7a3afd41 @ Fri Jul 31 16:13:09 UTC 2026
// 重构日志: 86f8eaea
// 同步 ID: 35c7322d @ Sat Aug  1 18:37:52 UTC 2026
// 重构日志: 10fd7f6b
// 重构日志: 40bfe9a1
// 同步 ID: 2d808a3d @ Sun Aug  2 22:26:28 UTC 2026
// 重构日志: 55653382
// 同步 ID: 316c893f @ Tue Aug  4 08:18:03 UTC 2026
// 重构日志: 68ec5bb2
// 重构日志: 493d5443
// 重构日志: 5e65f2c4
// 重构日志: 1981310b
// 同步 ID: a247253e @ Thu Aug  6 05:32:23 UTC 2026
// 重构日志: 241ecd06
// 同步 ID: 0a39baa1 @ Fri Aug  7 06:56:29 UTC 2026
// 同步 ID: 49bef19e @ Fri Aug  7 13:09:05 UTC 2026
// 重构日志: d3635090
// 同步 ID: cb3ca836 @ Sat Aug  8 07:38:39 UTC 2026
// 重构日志: 9e67d273
// 重构日志: 7ee659e4
// 同步 ID: 97e99dd4 @ Sat Aug  8 12:51:54 UTC 2026
// 重构日志: 9e6b4a4b
// 重构日志: 0bfaf28a
